// Jest Snapshot v1, https://goo.gl/fbAQLP

exports[`Consent should match snapshot 1`] = `
<Col
  gridGap="m"
  padding="n"
>
  <h1>
    By applying, you confirm that:
  </h1>
  <ul />
  <dl>
    <Text
      color="gray"
      font="primary"
      fontSize="0.8em"
      hyphens="none"
      textAlign="center"
    >
      By applying, you read and agree to the
    </Text>
    <WithFlyout
      flyoutPosition="trailing"
      renderFlyout={[Function]}
    >
      <Component />
    </WithFlyout>
    <DebouncedButton
      disabled={false}
      onClick={[Function]}
      style={
        Object {
          "width": "100%",
        }
      }
      variant="primary"
    >
      Create Application
    </DebouncedButton>
  </dl>
  <Col
    className="consentDisabilityAccommodationText"
    gridGap={15}
    padding={
      Object {
        "bottom": "S400",
        "left": "S300",
        "right": "S300",
        "top": "S400",
      }
    }
  >
    <Text
      font="primary"
      fontSize="T100"
      hyphens="none"
    >
      <DangerouslySetHtmlContent
        html="Our inclusive culture empowers Amazonians to deliver the best results for our customers. If you have a disability and require an accommodation during the application and hiring process, please contact the Applicant-Candidate Accommodation Team (ACAT) at 888-435-9287, Monday through Friday 6 AM to 4 PM Pacific Time. For more information, please visit <a href='https://hiring.amazon.com/people-with-disabilities#/' target='_blank' rel='noopener noreferrer'>https://hiring.amazon.com/people-with-disabilities#/</a>"
      />
    </Text>
  </Col>
</Col>
`;
