// Jest Snapshot v1, https://goo.gl/fbAQLP

exports[`ContingentOffer should match snapshot 1`] = `
<Col
  gridGap={10}
>
  <Col
    gridGap={10}
  >
    <H2
      color="neutral90"
      font="primary"
      fontSize="T600"
      fontWeight="regular"
      hyphens="none"
      margin={0}
    >
      Well done so far
      , test-firstname
      !
    </H2>
    <Text
      font="primary"
      fontSize="T200"
      hyphens="none"
    >
      You have passed the assessment. Here is the conditional offer of employment for the job you picked
    </Text>
  </Col>
  <WithFlyout
    flyoutPosition="trailing"
    renderFlyout={[Function]}
  >
    <Component />
  </WithFlyout>
  <ScheduleCard
    displayOnly={true}
    scheduleDetail={
      Object {
        "address": "38811 Cherry Street",
        "basePay": 6,
        "basePayL10N": "",
        "bgcVendorName": "FADV",
        "briefJobDescription": "briefJobDescription briefJobDescription",
        "city": "Newark",
        "contingencyTat": 0,
        "currencyCode": "USD",
        "dataSource": "Dragonstone",
        "displayEmploymentType": false,
        "displayHireEndDate": false,
        "distanceL10N": "",
        "duration": "Permanent",
        "employmentType": "Regular",
        "employmentTypeL10N": "Regular",
        "externalJobTitle": "Amazon Grocery Shopper",
        "financeWeekStartDate": "",
        "financeWeekStartDateL10N": "",
        "firstDayOnSite": "2022-11-04",
        "firstDayOnSiteL10N": "2022-10-29",
        "geoClusterId": "",
        "geoClusterName": "",
        "hireEndDate": "",
        "hireStartDate": "2022-11-04",
        "hoursPerWeek": 16,
        "iconUrl": "https://m.media-amazon.com/images/G/01/HVH-CandidateApplication/jobs/IconLogo.png",
        "image": "https://m.media-amazon.com/images/G/01/HVHJobDetails/I_Grocery_Shopper._CB1198675309_.svg",
        "jobDescription": "jobDescription jobDescription",
        "jobId": "JOB-US-0000001234",
        "jobPreviewVideo": "https://m.media-amazon.com/images/G/01/HVHJobDetails/V_Grocery_Shopper._CB1198675309_.mp4",
        "laborDemandAvailableCount": 0,
        "language": "English",
        "monthlyBasePay": 1000,
        "monthlyBasePayL10N": null,
        "parsedTrainingDate": "01-01-2023",
        "postalCode": "94560",
        "priorityRank": 0,
        "requiredLanguage": Array [
          "en-US",
          "es-US",
        ],
        "scheduleBannerText": "Additional 5$ bonus schedule and 9$ Surge pay",
        "scheduleId": "test-schedule-id",
        "scheduleText": "Thu, Fri, Sat, Sun 9:00 AM - 1:00 PM",
        "scheduleType": "PART_TIME",
        "scheduleTypeL10N": "",
        "signOnBonus": 5,
        "signOnBonusL10N": "$5.00",
        "siteId": "SITE-OAK5",
        "state": "CA",
        "surgePay": 0,
        "tagLine": "In-store shopping for customer grocery orders.",
        "totalPayRate": 8.9,
        "totalPayRateL10N": "$8.90",
      }
    }
  />
  <Col
    className="jobDescriptionContainer"
    gridGap={8}
  >
    <Col
      padding={
        Object {
          "top": "S400",
        }
      }
    >
      <WithFlyout
        flyoutPosition="trailing"
        renderFlyout={[Function]}
      >
        <Component />
      </WithFlyout>
    </Col>
  </Col>
  <Col
    className="contingencyOfferFooter"
    gridGap={15}
    padding={
      Object {
        "bottom": "S400",
        "left": "S300",
        "right": "S300",
        "top": "S400",
      }
    }
  >
    <H4
      color="neutral90"
      font="primary"
      fontSize="T400"
      fontWeight="regular"
      hyphens="none"
      margin={0}
    >
      Remaining Steps
    </H4>
    <ApplicationSteps
      steps={
        Array [
          Object {
            "customIndex": 2,
            "title": "Enter required information",
            "titleTranslationKey": "BB-ApplicationSteps-enter-required-information-text",
          },
          Object {
            "customIndex": 3,
            "title": "Schedule pre-hire appointment",
            "titleTranslationKey": "BB-ApplicationSteps-schedule-preHire-appt-text",
          },
        ]
      }
    />
    <Col>
      <Text
        font="primary"
        fontSize="T200"
        hyphens="none"
      >
        By accepting this offer, you confirm that you understand the requirements of this position.
      </Text>
    </Col>
    <Col
      gridGap={20}
      padding="S300"
    >
      <DebouncedButton
        disabled={false}
        onClick={[Function]}
        variant="primary"
      >
        Accept Offer
      </DebouncedButton>
      <DebouncedButton
        disabled={false}
        onClick={[Function]}
      >
        Back to jobs
      </DebouncedButton>
    </Col>
  </Col>
</Col>
`;
