// Jest Snapshot v1, https://goo.gl/fbAQLP

exports[`ContingentOffer should match snapshot 1`] = `
<Col
  gridGap={10}
>
  <Col
    gridGap={10}
  >
    <H2
      color="neutral90"
      font="primary"
      fontSize="T600"
      fontWeight="regular"
      hyphens="none"
      margin={0}
    >
      Well done so far
      , test-firstname
      !
    </H2>
  </Col>
  <ScheduleCard
    displayOnly={true}
    scheduleDetail={
      Object {
        "scheduleId": "test-schedule-id",
      }
    }
  />
  <Col
    className="jobDescriptionContainer"
    gridGap={8}
  >
    <H4
      color="neutral90"
      font="primary"
      fontSize="T400"
      fontWeight="regular"
      hyphens="none"
      margin={0}
    >
      Common questions
    </H4>
    <Row
      padding={
        Object {
          "top": "S200",
        }
      }
    >
      <Expander
        contentSpacing="S300"
        shouldExpandOnMount={false}
        titleText="What is a contingent offer?"
      >
        <Col
          gridGap={8}
        >
          <Text
            font="primary"
            fontSize="T300"
            hyphens="none"
          >
            This offer is confirmation that you’ll be hired as an employee of Amazon if you successfully complete your background, drug test and all any other required pre-hire activities.
          </Text>
          <Row
            padding={
              Object {
                "bottom": "S200",
                "top": "S200",
              }
            }
          >
            <Text
              font="primary"
              fontSize="T300"
              hyphens="none"
            >
              Your start time might be delayed if:
            </Text>
          </Row>
          <Col
            padding={
              Object {
                "left": "S300",
              }
            }
          >
            <Text
              font="primary"
              fontSize="T300"
              hyphens="none"
            >
              <li>
                The background check is not completed on time
              </li>
            </Text>
            <Text
              font="primary"
              fontSize="T300"
              hyphens="none"
            >
              <li>
                You don’t meet the drug test requirements on time
              </li>
            </Text>
            <Text
              font="primary"
              fontSize="T300"
              hyphens="none"
            >
              <li>
                Training spots fill up.
              </li>
            </Text>
          </Col>
          <Row>
            <Text
              font="primary"
              fontSize="T300"
              hyphens="none"
            >
              If your start date is delayed, you’ll receive additional information regarding next steps.
            </Text>
          </Row>
        </Col>
      </Expander>
    </Row>
    <Hr
      aria-hidden={true}
      color="neutral10"
      size="narrow"
    />
    <Col
      padding={
        Object {
          "top": "S400",
        }
      }
    >
      <Text
        font="primary"
        fontSize="T200"
        hyphens="none"
      >
        Job requirements
      </Text>
    </Col>
    <Col>
      <DangerouslySetHtmlContent
        className="jobDescription"
        html=""
      />
    </Col>
  </Col>
  <Col
    className="contingencyOfferFooter"
    gridGap={15}
    padding={
      Object {
        "bottom": "S400",
        "left": "S300",
        "right": "S300",
        "top": "S400",
      }
    }
  >
    <H4
      color="neutral90"
      font="primary"
      fontSize="T400"
      fontWeight="regular"
      hyphens="none"
      margin={0}
    >
      Remaining Steps
    </H4>
    <ApplicationSteps />
    <Col>
      <Text
        font="primary"
        fontSize="T200"
        hyphens="none"
      >
        By accepting this offer, you confirm that you understand the requirements of this position.
      </Text>
    </Col>
    <Col
      gridGap={20}
      padding="S300"
    >
      <DebouncedButton
        disabled={false}
        onClick={[Function]}
        variant="primary"
      >
        Accept Offer
      </DebouncedButton>
      <DebouncedButton
        disabled={false}
        onClick={[Function]}
      >
        Back to jobs
      </DebouncedButton>
    </Col>
  </Col>
</Col>
`;
