// Jest Snapshot v1, https://goo.gl/fbAQLP

exports[`BackgroundCheck should match snapshot 1`] = `
<Col
  className="bgcContainer"
  gridGap={15}
>
  <StepHeader
    jobTitle=""
    step={
      Object {
        "title": "Enter required information",
        "titleTranslationKey": "BB-Applic2ationSteps-enter-required-information-text",
      }
    }
    steps={
      Array [
        Object {
          "title": "Select Job",
          "titleTranslationKey": "BB-ApplicationSteps-select-job-text",
        },
        Object {
          "title": "Enter required information",
          "titleTranslationKey": "BB-Applic2ationSteps-enter-required-information-text",
        },
        Object {
          "title": "Schedule pre-hire appointment",
          "titleTranslationKey": "BB-ApplicationSteps-schedule-preHire-appt-text",
        },
      ]
    }
  />
  <Col
    gridGap={15}
  >
    <H3
      color="neutral90"
      font="primary"
      fontSize="T500"
      fontWeight="regular"
      hyphens="none"
      margin={0}
    >
      Additional information
    </H3>
  </Col>
  <Suspense
    fallback={<React.Fragment />}
  >
    <Connect(AdditionalBGCInfo) />
  </Suspense>
</Col>
`;
