// Jest Snapshot v1, https://goo.gl/fbAQLP

exports[`BackgroundCheck should match snapshot 1`] = `
<Col
  className="bgcContainer"
  gridGap={15}
>
  <StepHeader
    jobTitle=""
    step={
      Object {
        "stepNumber": 2,
        "title": "Complete required documents",
        "titleTranslationKey": "BB-ApplicationSteps-complete-required-document-text",
      }
    }
  />
  <Col
    gridGap={15}
  >
    <H4
      color="neutral90"
      font="primary"
      fontSize="T400"
      fontWeight="regular"
      hyphens="none"
      margin={0}
    >
      Consent to employment screening
    </H4>
    <Text
      font="primary"
      fontSize="T200"
      hyphens="none"
    >
      Please provide authorization and information needed for a background check.
    </Text>
  </Col>
  <Connect(InfoStepCard)
    expandedContent={<Memo(Connect(AuthorizationForBGC)) />}
    infoCardStepStatus={
      Object {
        "editMode": false,
        "status": "ACTIVE",
      }
    }
    maxStepNumber={2}
    stepIndex={1}
    stepName="NON_FCRA"
    title="Authorizations for Background Check, Medical Check, and Drug Test"
  />
  <Connect(InfoStepCard)
    expandedContent={<Memo(Connect(AdditionalBGCInfo)) />}
    infoCardStepStatus={
      Object {
        "editMode": true,
        "status": "ACTIVE",
      }
    }
    maxStepNumber={2}
    stepIndex={2}
    stepName="ADDITIONAL_BGC"
    title="Additional Background Information"
  />
  <Col
    padding={
      Object {
        "top": "S300",
      }
    }
  />
</Col>
`;
