// Jest Snapshot v1, https://goo.gl/fbAQLP

exports[`BackgroundCheck should match snapshot 1`] = `
<Col
  className="bgcContainer"
  gridGap={15}
>
  <StepHeader
    jobTitle=""
    step={
      Object {
        "stepNumber": 2,
        "title": "Complete required documents",
        "titleTranslationKey": "BB-ApplicationSteps-complete-required-document-text",
      }
    }
  />
  <Col
    gridGap={15}
  >
    <H3
      color="neutral90"
      font="primary"
      fontSize="T500"
      fontWeight="regular"
      hyphens="none"
      margin={0}
    >
      Additional information
    </H3>
  </Col>
  <Suspense
    fallback={<React.Fragment />}
  >
    <Connect(AdditionalBGCInfo) />
  </Suspense>
</Col>
`;
