// Jest Snapshot v1, https://goo.gl/fbAQLP

exports[`Image should match snapshot 1`] = `
<div
  className="image-container"
  data-testid="image"
  id="IMG001"
>
  <img
    alt="image-IMG001"
    aria-hidden="true"
    data-testid="image-IMG001"
    height={200}
    role="presentation"
    src="https://hiring.amazon.com/#/"
    tabIndex={-1}
    width={200}
  />
  <div
    className="overlay"
  >
    <div
      className="content"
    >
      <Text
        font="primary"
        fontSize="T300"
        hyphens="none"
      >
        Test Overlay Text
      </Text>
    </div>
  </div>
</div>
`;
