// Jest Snapshot v1, https://goo.gl/fbAQLP

exports[`Assessment should match snapshot 1`] = `
<Fragment>
  <Col
    gridGap="S300"
    padding="0"
  >
    <StepHeader
      jobTitle=""
      step={
        Object {
          "title": "Complete an assessment (~15 min)",
          "titleTranslationKey": "BB-ApplicationSteps-complete-assessment-text",
        }
      }
      steps={
        Array [
          Object {
            "title": "Complete an assessment (~15 min)",
            "titleTranslationKey": "BB-ApplicationSteps-complete-assessment-text",
          },
          Object {
            "title": "Select Job",
            "titleTranslationKey": "BB-ApplicationSteps-select-job-text",
          },
          Object {
            "title": "Enter required information",
            "titleTranslationKey": "BB-ApplicationSteps-enter-required-information-text",
          },
          Object {
            "title": "Schedule pre-hire appointment",
            "titleTranslationKey": "BB-ApplicationSteps-schedule-preHire-appt-text",
          },
        ]
      }
    />
  </Col>
</Fragment>
`;
