// Jest Snapshot v1, https://goo.gl/fbAQLP

exports[`FcraDisclosure snapshot should match snapshot 1`] = `
<Col
  className="FcraDisclosureContainer"
  gridGap={15}
>
  <Col
    gridGap="S300"
    padding={
      Object {
        "top": "S300",
      }
    }
  >
    <H3
      color="neutral90"
      font="primary"
      fontSize="T500"
      fontWeight="regular"
      hyphens="none"
      margin={0}
    >
      Fair Credit Reporting Act Consumer Report Disclosure
    </H3>
    <Text
      font="primary"
      fontSize="T300"
      hyphens="none"
    >
      This disclosure intends to notify you that in connection with your offer of employment with Amazon.com, Inc., its subsidiaries, or its affiliates (collectively, "Amazon"), Amazon will request a consumer report, also referred to as a "background check report," about you.
    </Text>
    <Text
      font="primary"
      fontSize="T300"
      hyphens="none"
    >
      <DangerouslySetHtmlContent
        html="By <strong>typing my full name and clicking \\"I authorize\\"</strong> below, I authorize Amazon to request consumer reports about me now and throughout any employment I may have with Amazon."
      />
    </Text>
    <InputWrapper
      error={false}
      id="fcraFullNameInput"
      labelPosition="top"
      labelText="Full name"
      required={true}
      shouldValidateNonInclusiveTerms={false}
      warning={false}
    >
      <Component />
    </InputWrapper>
    <Col
      gridGap="S300"
      padding={
        Object {
          "bottom": "S300",
          "top": "S300",
        }
      }
    >
      <Col
        gridGap="S300"
      >
        <DebouncedButton
          dataTestId="fcra-authorize-btn"
          onClick={[Function]}
          variant="primary"
        >
          I authorize
        </DebouncedButton>
        <WithModal
          renderModal={[Function]}
        >
          <Component />
        </WithModal>
      </Col>
    </Col>
  </Col>
</Col>
`;
