// Jest Snapshot v1, https://goo.gl/fbAQLP

exports[`NonFcraDisclosure should match snapshot 1`] = `
<Col
  className="nonFcraContainer"
  gridGap={15}
>
  <Text
    font="primary"
    fontSize="T200"
    hyphens="none"
  >
    As disclosed and authorized by me in the separate Fair Credit Reporting Act Disclosure and Authorization Document, Amazon.com, Inc. or its subsidiaries or affiliates ("Amazon") will conduct a background check on me.
  </Text>
  <H4
    color="neutral90"
    font="primary"
    fontSize="T400"
    fontWeight="regular"
    hyphens="none"
    margin={0}
  >
    By my eSignature below, I acknowledge as follows:
  </H4>
  <Col
    gridGap={5}
  >
    <ul />
  </Col>
  <Col
    className="stateSpecificNoticeContainer"
    gridGap={15}
  >
    <H4
      color="neutral90"
      font="primary"
      fontSize="T400"
      fontWeight="regular"
      hyphens="none"
      margin={0}
    >
      State Specific Notices
    </H4>
    <Text
      font="primary"
      fontSize="T200"
      hyphens="none"
    >
      Please review the applicable notice(s) below.
    </Text>
    <Col
      gridGap={10}
    />
    <Col
      padding={
        Object {
          "bottom": "S300",
          "top": "S200",
        }
      }
    >
      <DetailedCheckbox
        checked={false}
        onChange={[Function]}
        titleText="I would like a free copy of my background check"
      />
    </Col>
  </Col>
  <Col
    className="eSignatureContainer"
    gridGap={15}
  >
    <H4
      color="neutral90"
      font="primary"
      fontSize="T400"
      fontWeight="regular"
      hyphens="none"
      margin={0}
    >
      eSignature
    </H4>
    <Text
      font="primary"
      fontSize="T200"
      hyphens="none"
    >
      By my eSignature below, I certify that I have read, understand and accept all statements in this Non-Fair Credit Reporting Act Acknowledgments And Authorizations For Background Check. Please signify your acceptance by entering the information requested in the fields below.
    </Text>
    <InputWrapper
      error={false}
      id="fcraFullNameInputOne"
      labelPosition="top"
      labelText="Please type your full name as eSignature *"
      renderLabel={[Function]}
      required={true}
      shouldValidateNonInclusiveTerms={false}
      warning={false}
    >
      <Component />
    </InputWrapper>
    <Row>
      <Text
        font="primary"
        fontSize="T200"
        hyphens="none"
      >
        By my eSignature below, I certify that I have read and understand any applicable state notices including the hyperlinks.
      </Text>
    </Row>
    <InputWrapper
      error={false}
      id="fcraFullNameInputTwo"
      labelPosition="top"
      labelText="Please type your full name as eSignature *"
      renderLabel={[Function]}
      required={true}
      shouldValidateNonInclusiveTerms={false}
      warning={false}
    >
      <Component />
    </InputWrapper>
  </Col>
  <Col
    padding={
      Object {
        "bottom": "S300",
        "top": "S300",
      }
    }
  >
    <DebouncedButton
      onClick={[Function]}
      variant="primary"
    >
      Next
    </DebouncedButton>
  </Col>
</Col>
`;
