// Jest Snapshot v1, https://goo.gl/fbAQLP

exports[`NotRehireEligible should match snapshot 1`] = `
<Col
  gridGap="S300"
>
  <Text
    font="primary"
    fontSize="T300"
    hyphens="none"
  >
    Thank you for your recent job application to Amazon. After careful consideration, we will not be moving forward with your job application.
  </Text>
  <Text
    font="primary"
    fontSize="T300"
    hyphens="none"
  >
    We value your time and wish you the best of luck in the future.
  </Text>
</Col>
`;
