// Jest Snapshot v1, https://goo.gl/fbAQLP

exports[`ContingentOffer should match snapshot 1`] = `
<Col
  gridGap={10}
>
  <Col
    gridGap={10}
  >
    <H2
      color="neutral90"
      font="primary"
      fontSize="T600"
      fontWeight="regular"
      hyphens="none"
      margin={0}
    >
      Well done so far
      , test-firstname
      !
    </H2>
    <Text
      font="primary"
      fontSize="T200"
      hyphens="none"
    >
      Here is the contingent offer for the job you picked.
    </Text>
  </Col>
  <ScheduleCard
    displayOnly={true}
    scheduleDetail={
      Object {
        "address": "38811 Cherry Street",
        "basePay": 6,
        "basePayL10N": "",
        "bgcVendorName": "FADV",
        "briefJobDescription": "briefJobDescription briefJobDescription",
        "city": "Newark",
        "contingencyTat": 0,
        "currencyCode": "USD",
        "dataSource": "Dragonstone",
        "distanceL10N": "",
        "employmentType": "Regular",
        "employmentTypeL10N": "Regular",
        "externalJobTitle": "Amazon Grocery Shopper",
        "financeWeekStartDate": "",
        "financeWeekStartDateL10N": "",
        "firstDayOnSite": "2022-10-29",
        "firstDayOnSiteL10N": "2022-10-29",
        "geoClusterId": "",
        "geoClusterName": "",
        "hireEndDate": "",
        "hireStartDate": "2022-11-04",
        "hoursPerWeek": 16,
        "iconUrl": "https://m.media-amazon.com/images/G/01/HVH-CandidateApplication/jobs/IconLogo.png",
        "image": "https://m.media-amazon.com/images/G/01/HVHJobDetails/I_Grocery_Shopper._CB1198675309_.svg",
        "jobDescription": "jobDescription jobDescription",
        "jobId": "JOB-US-0000001234",
        "jobPreviewVideo": "https://m.media-amazon.com/images/G/01/HVHJobDetails/V_Grocery_Shopper._CB1198675309_.mp4",
        "laborDemandAvailableCount": 0,
        "language": "English",
        "monthlyBasePay": 1000,
        "monthlyBasePayL10N": null,
        "parsedTrainingDate": "01-01-2023",
        "postalCode": "94560",
        "priorityRank": 0,
        "requiredLanguage": Array [
          "en-US",
          "es-US",
        ],
        "scheduleBannerText": "Additional 5$ bonus schedule and 9$ Surge pay",
        "scheduleId": "test-schedule-id",
        "scheduleText": "Thu, Fri, Sat, Sun 9:00 AM - 1:00 PM",
        "scheduleType": "PART_TIME",
        "scheduleTypeL10N": "",
        "signOnBonus": 5,
        "signOnBonusL10N": "$5.00",
        "siteId": "SITE-OAK5",
        "state": "CA",
        "surgePay": 0,
        "tagLine": "In-store shopping for customer grocery orders.",
        "totalPayRate": 8.9,
        "totalPayRateL10N": "$8.90",
      }
    }
  />
  <Col
    className="jobDescriptionContainer"
    gridGap={8}
  >
    <H4
      color="neutral90"
      font="primary"
      fontSize="T400"
      fontWeight="regular"
      hyphens="none"
      margin={0}
    >
      Common questions
    </H4>
    <Row
      padding={
        Object {
          "top": "S200",
        }
      }
    >
      <Expander
        contentSpacing="S300"
        shouldExpandOnMount={false}
        titleText="What is a contingent offer?"
      >
        <Col
          gridGap={8}
        >
          <Text
            font="primary"
            fontSize="T300"
            hyphens="none"
          >
            This offer is confirmation that you’ll be hired as an employee of Amazon if you successfully complete your background, drug test and all any other required pre-hire activities.
          </Text>
          <Row
            padding={
              Object {
                "bottom": "S200",
                "top": "S200",
              }
            }
          >
            <Text
              font="primary"
              fontSize="T300"
              hyphens="none"
            >
              Your start time might be delayed if:
            </Text>
          </Row>
          <Col
            padding={
              Object {
                "left": "S300",
              }
            }
          >
            <Text
              font="primary"
              fontSize="T300"
              hyphens="none"
            >
              <li>
                The background check is not completed on time
              </li>
            </Text>
            <Text
              font="primary"
              fontSize="T300"
              hyphens="none"
            >
              <li>
                You don’t meet the drug test requirements on time
              </li>
            </Text>
            <Text
              font="primary"
              fontSize="T300"
              hyphens="none"
            >
              <li>
                Training spots fill up.
              </li>
            </Text>
          </Col>
          <Row>
            <Text
              font="primary"
              fontSize="T300"
              hyphens="none"
            >
              If your start date is delayed, you’ll receive additional information regarding next steps.
            </Text>
          </Row>
        </Col>
      </Expander>
    </Row>
    <Row
      padding={
        Object {
          "bottom": "S400",
          "top": "S200",
        }
      }
    >
      <Expander
        contentSpacing="S300"
        shouldExpandOnMount={false}
        titleText="How do I get the sign on bonus?"
      >
        <Col
          gridGap={8}
        >
          <Text
            font="primary"
            fontSize="T300"
            hyphens="none"
          >
            This offer includes a sign on bonus of MXN$5 based on the specific details noted above. It's payable over multiple installments that may extend to 180 days after your start.
          </Text>
          <Row
            padding={
              Object {
                "bottom": "S200",
                "top": "S200",
              }
            }
          >
            <Text
              font="primary"
              fontSize="T300"
              hyphens="none"
            >
              This specific offer may not be available if:
            </Text>
          </Row>
          <Col
            padding={
              Object {
                "left": "S300",
              }
            }
          >
            <Text
              font="primary"
              fontSize="T300"
              hyphens="none"
            >
              <li>
                You reschedule your shift
              </li>
            </Text>
            <Text
              font="primary"
              fontSize="T300"
              hyphens="none"
            >
              <li>
                You reschedule your start date, or
              </li>
            </Text>
            <Text
              font="primary"
              fontSize="T300"
              hyphens="none"
            >
              <li>
                You choose a new role.
              </li>
            </Text>
          </Col>
          <Row>
            <Text
              font="primary"
              fontSize="T300"
              hyphens="none"
            >
              If you’ve worked for Amazon in the last 90 days you will not be eligible for any sign on bonus.
            </Text>
          </Row>
        </Col>
      </Expander>
    </Row>
    <Hr
      aria-hidden={true}
      color="neutral10"
      size="narrow"
    />
    <Col
      padding={
        Object {
          "top": "S400",
        }
      }
    >
      <Text
        font="primary"
        fontSize="T300"
        hyphens="none"
      >
        Job requirements
      </Text>
    </Col>
    <Col>
      <DangerouslySetHtmlContent
        className="jobDescription"
        html="jobDescription jobDescription"
      />
    </Col>
  </Col>
  <Col
    className="contingencyOfferFooter"
    gridGap={15}
    padding={
      Object {
        "bottom": "S400",
        "left": "S300",
        "right": "S300",
        "top": "S400",
      }
    }
  >
    <H4
      color="neutral90"
      font="primary"
      fontSize="T400"
      fontWeight="regular"
      hyphens="none"
      margin={0}
    >
      Remaining Steps
    </H4>
    <ApplicationSteps />
    <Col>
      <Text
        font="primary"
        fontSize="T200"
        hyphens="none"
      >
        By accepting this offer, you confirm that you understand the requirements of this position.
      </Text>
    </Col>
    <Col
      gridGap={20}
      padding="S300"
    >
      <DebouncedButton
        disabled={false}
        onClick={[Function]}
        variant="primary"
      >
        Accept Offer
      </DebouncedButton>
      <DebouncedButton
        disabled={false}
        onClick={[Function]}
      >
        Back to jobs
      </DebouncedButton>
    </Col>
  </Col>
  <ThirdPartyTracking />
</Col>
`;
