// Jest Snapshot v1, https://goo.gl/fbAQLP

exports[`DaysHoursFilter should match snapshot 1`] = `
<Col
  gridGap={20}
  id="DaysHoursFilterContainer"
>
  <Text
    color="accent2"
    font="primary"
    fontSize="T200"
    hyphens="none"
  >
    Test Filter Schedules
  </Text>
  <Col
    gridGap={20}
  >
    <fieldset
      key="MONDAY"
    >
      <Col
        className="container-border"
        gridGap={20}
        key="MONDAY"
        padding="S200"
      >
        <Row
          alignItems="center"
          gridGap={10}
        >
          <ToggleSwitch
            checked={true}
            defaultChecked={false}
            disabled={false}
            iconChecked={[Function]}
            iconUnchecked={[Function]}
            onChange={[Function]}
          />
          <Text
            color="accent1"
            font="primary"
            fontSize="T300"
            hyphens="none"
          >
            MONDAY
          </Text>
        </Row>
        <TimeRange
          dayIndex={0}
          disabled={false}
          endTimeHours={-1}
          id="MONDAYTimeRange"
          key="MONDAY"
          onChange={[Function]}
          startTimeHours={0}
        />
      </Col>
    </fieldset>
    <fieldset
      key="TUESDAY"
    >
      <Col
        className="container-border"
        gridGap={20}
        key="TUESDAY"
        padding="S200"
      >
        <Row
          alignItems="center"
          gridGap={10}
        >
          <ToggleSwitch
            checked={true}
            defaultChecked={false}
            disabled={false}
            iconChecked={[Function]}
            iconUnchecked={[Function]}
            onChange={[Function]}
          />
          <Text
            color="accent1"
            font="primary"
            fontSize="T300"
            hyphens="none"
          >
            TUESDAY
          </Text>
        </Row>
        <TimeRange
          dayIndex={1}
          disabled={false}
          endTimeHours={-1}
          id="TUESDAYTimeRange"
          key="TUESDAY"
          onChange={[Function]}
          startTimeHours={0}
        />
      </Col>
    </fieldset>
    <fieldset
      key="WEDNESDAY"
    >
      <Col
        className="container-border"
        gridGap={20}
        key="WEDNESDAY"
        padding="S200"
      >
        <Row
          alignItems="center"
          gridGap={10}
        >
          <ToggleSwitch
            checked={true}
            defaultChecked={false}
            disabled={false}
            iconChecked={[Function]}
            iconUnchecked={[Function]}
            onChange={[Function]}
          />
          <Text
            color="accent1"
            font="primary"
            fontSize="T300"
            hyphens="none"
          >
            WEDNESDAY
          </Text>
        </Row>
        <TimeRange
          dayIndex={2}
          disabled={false}
          endTimeHours={-1}
          id="WEDNESDAYTimeRange"
          key="WEDNESDAY"
          onChange={[Function]}
          startTimeHours={0}
        />
      </Col>
    </fieldset>
    <fieldset
      key="THURSDAY"
    >
      <Col
        className="container-border"
        gridGap={20}
        key="THURSDAY"
        padding="S200"
      >
        <Row
          alignItems="center"
          gridGap={10}
        >
          <ToggleSwitch
            checked={true}
            defaultChecked={false}
            disabled={false}
            iconChecked={[Function]}
            iconUnchecked={[Function]}
            onChange={[Function]}
          />
          <Text
            color="accent1"
            font="primary"
            fontSize="T300"
            hyphens="none"
          >
            THURSDAY
          </Text>
        </Row>
        <TimeRange
          dayIndex={3}
          disabled={false}
          endTimeHours={-1}
          id="THURSDAYTimeRange"
          key="THURSDAY"
          onChange={[Function]}
          startTimeHours={0}
        />
      </Col>
    </fieldset>
    <fieldset
      key="FRIDAY"
    >
      <Col
        className="container-border"
        gridGap={20}
        key="FRIDAY"
        padding="S200"
      >
        <Row
          alignItems="center"
          gridGap={10}
        >
          <ToggleSwitch
            checked={true}
            defaultChecked={false}
            disabled={false}
            iconChecked={[Function]}
            iconUnchecked={[Function]}
            onChange={[Function]}
          />
          <Text
            color="accent1"
            font="primary"
            fontSize="T300"
            hyphens="none"
          >
            FRIDAY
          </Text>
        </Row>
        <TimeRange
          dayIndex={4}
          disabled={false}
          endTimeHours={-1}
          id="FRIDAYTimeRange"
          key="FRIDAY"
          onChange={[Function]}
          startTimeHours={0}
        />
      </Col>
    </fieldset>
    <fieldset
      key="SATURDAY"
    >
      <Col
        className="container-border"
        gridGap={20}
        key="SATURDAY"
        padding="S200"
      >
        <Row
          alignItems="center"
          gridGap={10}
        >
          <ToggleSwitch
            checked={true}
            defaultChecked={false}
            disabled={false}
            iconChecked={[Function]}
            iconUnchecked={[Function]}
            onChange={[Function]}
          />
          <Text
            color="accent1"
            font="primary"
            fontSize="T300"
            hyphens="none"
          >
            SATURDAY
          </Text>
        </Row>
        <TimeRange
          dayIndex={5}
          disabled={false}
          endTimeHours={-1}
          id="SATURDAYTimeRange"
          key="SATURDAY"
          onChange={[Function]}
          startTimeHours={0}
        />
      </Col>
    </fieldset>
    <fieldset
      key="SUNDAY"
    >
      <Col
        className="container-border"
        gridGap={20}
        key="SUNDAY"
        padding="S200"
      >
        <Row
          alignItems="center"
          gridGap={10}
        >
          <ToggleSwitch
            checked={true}
            defaultChecked={false}
            disabled={false}
            iconChecked={[Function]}
            iconUnchecked={[Function]}
            onChange={[Function]}
          />
          <Text
            color="accent1"
            font="primary"
            fontSize="T300"
            hyphens="none"
          >
            SUNDAY
          </Text>
        </Row>
        <TimeRange
          dayIndex={6}
          disabled={false}
          endTimeHours={-1}
          id="SUNDAYTimeRange"
          key="SUNDAY"
          onChange={[Function]}
          startTimeHours={0}
        />
      </Col>
    </fieldset>
  </Col>
</Col>
`;
