// Jest Snapshot v1, https://goo.gl/fbAQLP

exports[`Consent should match snapshot 1`] = `
<Col
  gridGap="S300"
  padding="n"
>
  <h1>
    By applying, you confirm that:
  </h1>
  <ul>
    <li>
      <Text
        font="primary"
        fontSize="T200"
        hyphens="none"
      >
        You are 18 years or above.
      </Text>
    </li>
    <li>
      <Text
        font="primary"
        fontSize="T200"
        hyphens="none"
      >
        You are the sole applicant and shall be personally completing each step unless you receive any assistance from Amazon to complete this application.
      </Text>
    </li>
    <li>
      <Text
        font="primary"
        fontSize="T200"
        hyphens="none"
      >
        You have
        <WithFlyout
          flyoutPosition="trailing"
          renderFlyout={[Function]}
        >
          <Component />
        </WithFlyout>
      </Text>
    </li>
    <li>
      <Text
        font="primary"
        fontSize="T200"
        hyphens="none"
      >
        You are willing to complete a pre-employment medical test, if applicable.
      </Text>
    </li>
    <li>
      <Text
        font="primary"
        fontSize="T200"
        hyphens="none"
      >
        You consent to a pre-employment background check.
      </Text>
    </li>
  </ul>
  <Col
    gridGap={8}
  >
    <Text
      color="gray"
      font="primary"
      fontSize="0.8em"
      hyphens="none"
      textAlign="center"
    >
      By applying, you read and agree to the
    </Text>
    <WithFlyout
      flyoutPosition="trailing"
      renderFlyout={[Function]}
    >
      <Component />
    </WithFlyout>
    <DebouncedButton
      onClick={[Function]}
      style={
        Object {
          "width": "100%",
        }
      }
      variant="primary"
    >
      Start Application
    </DebouncedButton>
    <Col
      className="consentDisabilityAccommodationText"
      gridGap={15}
      margin={
        Object {
          "top": "S400",
        }
      }
      padding={
        Object {
          "bottom": "S400",
          "left": "S300",
          "right": "S300",
          "top": "S400",
        }
      }
    >
      <Text
        font="primary"
        fontSize="T100"
        hyphens="none"
      >
        <DangerouslySetHtmlContent
          html="Our inclusive culture empowers Amazonians to deliver the best results for our customers. If you have a disability and need an adjustment during the application and hiring process, including support for the interview or onboarding process, please contact the Applicant-Candidate Accommodation Team (ACAT), Monday through Friday from 7:00 am GMT - 4:00 pm GMT . If calling directly from the United Kingdom, please dial +44 800 086 9884. If calling from Ireland, please dial +353 1800 851 489. You may also contact us if you might need an adjustment in your new role and would like to initiate a request prior to starting your Day 1."
        />
      </Text>
    </Col>
  </Col>
</Col>
`;
