// Jest Snapshot v1, https://goo.gl/fbAQLP

exports[`Consent should match snapshot 1`] = `
<Col
  gridGap="S300"
  padding="S300"
>
  <h1>
    By applying, you confirm that:
  </h1>
  <ul>
    <li>
      <Text
        font="primary"
        fontSize="T200"
        hyphens="none"
      >
        You are 18 years or above.
      </Text>
    </li>
    <li>
      <Text
        font="primary"
        fontSize="T200"
        hyphens="none"
      >
        You are the sole applicant and shall be personally completing each step unless you receive any assistance from Amazon to complete this application.
      </Text>
    </li>
    <li>
      <Text
        font="primary"
        fontSize="T200"
        hyphens="none"
      >
        You have
        <WithFlyout
          flyoutPosition="trailing"
          renderFlyout={[Function]}
        >
          <Component />
        </WithFlyout>
      </Text>
    </li>
    <li>
      <Text
        font="primary"
        fontSize="T200"
        hyphens="none"
      >
        You are willing to complete a pre-employment medical test, if applicable.
      </Text>
    </li>
    <li>
      <Text
        font="primary"
        fontSize="T200"
        hyphens="none"
      >
        You consent to a pre-employment background check.
      </Text>
    </li>
  </ul>
  <Col
    gridGap={8}
  >
    <Text
      color="gray"
      font="primary"
      fontSize="0.8em"
      hyphens="none"
      textAlign="center"
    >
      By applying, you read and agree to the
    </Text>
    <WithFlyout
      flyoutPosition="trailing"
      renderFlyout={[Function]}
    >
      <Component />
    </WithFlyout>
    <DebouncedButton
      id="startApplicationButton"
      onClick={[Function]}
      style={
        Object {
          "width": "100%",
        }
      }
      variant="primary"
    >
      Start Application
    </DebouncedButton>
    <Col
      className="consentDisabilityAccommodationText"
      gridGap={15}
      margin={
        Object {
          "top": "S400",
        }
      }
      padding={
        Object {
          "bottom": "S400",
          "left": "S300",
          "right": "S300",
          "top": "S400",
        }
      }
    >
      <Text
        font="primary"
        fontSize="T100"
        hyphens="none"
      >
        <DangerouslySetHtmlContent
          html="Our inclusive culture empowers Amazonians to deliver the best results for our customers. If you have a disability and need an adjustment during the application and hiring process, including support for the interview or onboarding process, please contact the Applicant-Candidate Accommodation Team (ACAT), Monday through Friday from 7:00 am GMT - 4:00 pm GMT . If calling directly from the United Kingdom, please dial +44 800 086 9884. If calling from Ireland, please dial +353 1800 851 489. You may also contact us if you might need an adjustment in your new role and would like to initiate a request prior to starting your Day 1."
        />
      </Text>
    </Col>
  </Col>
  <CustomModal
    setShouldOpen={[Function]}
    shouldOpen={false}
  >
    <Col
      alignSelf="center"
      gridGap="S300"
      width="100%"
    >
      <H4
        color="neutral90"
        font="primary"
        fontSize="T400"
        fontWeight="bold"
        hyphens="none"
        margin={0}
        textAlign="center"
      >
        You have an active job application
      </H4>
      <Col
        gridGap="S300"
        padding={
          Object {
            "top": "S300",
          }
        }
      >
        <Text
          font="primary"
          fontSize="T300"
          hyphens="none"
        >
          You already have an active job application. You can have only one active application at a time. If you submit this application, your existing application will be withdrawn.
        </Text>
        <Text
          font="primary"
          fontSize="T300"
          hyphens="none"
        >
          To resume or see your application, click on "Go to dashboard". To continue with this application, click "Continue"
        </Text>
      </Col>
      <Row
        alignItems="center"
        gridGap="S300"
        justifyContent="flex-end"
      >
        <Row>
          <Link
            color="primary70"
            fontWeight="medium"
            iconPosition="trailing"
            iconVerticalAlign="text-top"
            onClick={[Function]}
            textDecoration="underline"
          >
            Go to dashboard
          </Link>
        </Row>
        <Button
          colorScheme="default"
          iconPosition="leading"
          onClick={[Function]}
          shouldUseResponsiveContent={true}
          size="default"
          type="button"
          variant="secondary"
        >
          Continue
        </Button>
      </Row>
    </Col>
  </CustomModal>
</Col>
`;
